// Jest Snapshot v1, https://goo.gl/fbAQLP

exports[`Search should match a snapshot 1`] = `
ShallowWrapper {
  "length": 1,
  Symbol(enzyme.__root__): [Circular],
  Symbol(enzyme.__unrendered__): <Search />,
  Symbol(enzyme.__renderer__): Object {
    "batchedUpdates": [Function],
    "getNode": [Function],
    "render": [Function],
    "simulateEvent": [Function],
    "unmount": [Function],
  },
  Symbol(enzyme.__node__): Object {
    "instance": null,
    "key": undefined,
    "nodeType": "host",
    "props": Object {
      "children": Array [
        <input
          aria-label="item search"
          className="search-form__search"
          name="searchValue"
          onChange={[Function]}
          placeholder="What are we lookin' for?"
          type="text"
          value=""
/>,
        <button
          className="search-form__submit"
          type="submit"
>
          Search
</button>,
      ],
      "className": "search-form",
    },
    "ref": null,
    "rendered": Array [
      Object {
        "instance": null,
        "key": undefined,
        "nodeType": "host",
        "props": Object {
          "aria-label": "item search",
          "className": "search-form__search",
          "name": "searchValue",
          "onChange": [Function],
          "placeholder": "What are we lookin' for?",
          "type": "text",
          "value": "",
        },
        "ref": null,
        "rendered": null,
        "type": "input",
      },
      Object {
        "instance": null,
        "key": undefined,
        "nodeType": "host",
        "props": Object {
          "children": "Search",
          "className": "search-form__submit",
          "type": "submit",
        },
        "ref": null,
        "rendered": "Search",
        "type": "button",
      },
    ],
    "type": "form",
  },
  Symbol(enzyme.__nodes__): Array [
    Object {
      "instance": null,
      "key": undefined,
      "nodeType": "host",
      "props": Object {
        "children": Array [
          <input
            aria-label="item search"
            className="search-form__search"
            name="searchValue"
            onChange={[Function]}
            placeholder="What are we lookin' for?"
            type="text"
            value=""
/>,
          <button
            className="search-form__submit"
            type="submit"
>
            Search
</button>,
        ],
        "className": "search-form",
      },
      "ref": null,
      "rendered": Array [
        Object {
          "instance": null,
          "key": undefined,
          "nodeType": "host",
          "props": Object {
            "aria-label": "item search",
            "className": "search-form__search",
            "name": "searchValue",
            "onChange": [Function],
            "placeholder": "What are we lookin' for?",
            "type": "text",
            "value": "",
          },
          "ref": null,
          "rendered": null,
          "type": "input",
        },
        Object {
          "instance": null,
          "key": undefined,
          "nodeType": "host",
          "props": Object {
            "children": "Search",
            "className": "search-form__submit",
            "type": "submit",
          },
          "ref": null,
          "rendered": "Search",
          "type": "button",
        },
      ],
      "type": "form",
    },
  ],
  Symbol(enzyme.__options__): Object {
    "adapter": ReactSixteenAdapter {
      "options": Object {
        "enableComponentDidUpdateOnSetState": true,
      },
    },
  },
}
`;
