// Jest Snapshot v1, https://goo.gl/fbAQLP

exports[`UserForm should match a snapshot 1`] = `
ShallowWrapper {
  "length": 1,
  Symbol(enzyme.__root__): [Circular],
  Symbol(enzyme.__unrendered__): <UserForm
    email=""
    handleOnChange={[Function]}
    name=""
    password=""
    routeId="login"
/>,
  Symbol(enzyme.__renderer__): Object {
    "batchedUpdates": [Function],
    "getNode": [Function],
    "render": [Function],
    "simulateEvent": [Function],
    "unmount": [Function],
  },
  Symbol(enzyme.__node__): Object {
    "instance": null,
    "key": undefined,
    "nodeType": "host",
    "props": Object {
      "children": Array [
        <input
          name="name"
          onChange={[Function]}
          placeholder="name"
          style={
                    Object {
                              "display": "none",
                            }
          }
          type="text"
          value=""
/>,
        <input
          name="email"
          onChange={[Function]}
          placeholder="email"
          type="email"
          value=""
/>,
        <input
          name="password"
          onChange={[Function]}
          placeholder="password"
          type="password"
          value=""
/>,
        <button
          type="submit"
>
          Log In
</button>,
      ],
    },
    "ref": null,
    "rendered": Array [
      Object {
        "instance": null,
        "key": undefined,
        "nodeType": "host",
        "props": Object {
          "name": "name",
          "onChange": [Function],
          "placeholder": "name",
          "style": Object {
            "display": "none",
          },
          "type": "text",
          "value": "",
        },
        "ref": null,
        "rendered": null,
        "type": "input",
      },
      Object {
        "instance": null,
        "key": undefined,
        "nodeType": "host",
        "props": Object {
          "name": "email",
          "onChange": [Function],
          "placeholder": "email",
          "type": "email",
          "value": "",
        },
        "ref": null,
        "rendered": null,
        "type": "input",
      },
      Object {
        "instance": null,
        "key": undefined,
        "nodeType": "host",
        "props": Object {
          "name": "password",
          "onChange": [Function],
          "placeholder": "password",
          "type": "password",
          "value": "",
        },
        "ref": null,
        "rendered": null,
        "type": "input",
      },
      Object {
        "instance": null,
        "key": undefined,
        "nodeType": "host",
        "props": Object {
          "children": "Log In",
          "type": "submit",
        },
        "ref": null,
        "rendered": "Log In",
        "type": "button",
      },
    ],
    "type": "form",
  },
  Symbol(enzyme.__nodes__): Array [
    Object {
      "instance": null,
      "key": undefined,
      "nodeType": "host",
      "props": Object {
        "children": Array [
          <input
            name="name"
            onChange={[Function]}
            placeholder="name"
            style={
                        Object {
                                    "display": "none",
                                  }
            }
            type="text"
            value=""
/>,
          <input
            name="email"
            onChange={[Function]}
            placeholder="email"
            type="email"
            value=""
/>,
          <input
            name="password"
            onChange={[Function]}
            placeholder="password"
            type="password"
            value=""
/>,
          <button
            type="submit"
>
            Log In
</button>,
        ],
      },
      "ref": null,
      "rendered": Array [
        Object {
          "instance": null,
          "key": undefined,
          "nodeType": "host",
          "props": Object {
            "name": "name",
            "onChange": [Function],
            "placeholder": "name",
            "style": Object {
              "display": "none",
            },
            "type": "text",
            "value": "",
          },
          "ref": null,
          "rendered": null,
          "type": "input",
        },
        Object {
          "instance": null,
          "key": undefined,
          "nodeType": "host",
          "props": Object {
            "name": "email",
            "onChange": [Function],
            "placeholder": "email",
            "type": "email",
            "value": "",
          },
          "ref": null,
          "rendered": null,
          "type": "input",
        },
        Object {
          "instance": null,
          "key": undefined,
          "nodeType": "host",
          "props": Object {
            "name": "password",
            "onChange": [Function],
            "placeholder": "password",
            "type": "password",
            "value": "",
          },
          "ref": null,
          "rendered": null,
          "type": "input",
        },
        Object {
          "instance": null,
          "key": undefined,
          "nodeType": "host",
          "props": Object {
            "children": "Log In",
            "type": "submit",
          },
          "ref": null,
          "rendered": "Log In",
          "type": "button",
        },
      ],
      "type": "form",
    },
  ],
  Symbol(enzyme.__options__): Object {
    "adapter": ReactSixteenAdapter {
      "options": Object {
        "enableComponentDidUpdateOnSetState": true,
      },
    },
  },
}
`;
