// Jest Snapshot v1, https://goo.gl/fbAQLP

exports[`ReportFormContainer should match a snapshot() 1`] = `
ShallowWrapper {
  "length": 1,
  Symbol(enzyme.__root__): [Circular],
  Symbol(enzyme.__unrendered__): <ReportFormContainer
    history={
        Object {
            "goBack": [Function],
          }
    }
    match={
        Object {
            "params": Object {
              "id": "lost",
            },
          }
    }
    reportItem={[Function]}
    userId={1}
/>,
  Symbol(enzyme.__renderer__): Object {
    "batchedUpdates": [Function],
    "getNode": [Function],
    "render": [Function],
    "simulateEvent": [Function],
    "unmount": [Function],
  },
  Symbol(enzyme.__node__): Object {
    "instance": null,
    "key": undefined,
    "nodeType": "host",
    "props": Object {
      "children": <ReportForm
        date=""
        description=""
        handleGoBack={[Function]}
        handleOnChange={[Function]}
        handleOnSubmit={[Function]}
        location={
                Object {
                        "name": "",
                        "position": Object {
                          "lat": null,
                          "lng": null,
                        },
                      }
        }
        name=""
        reward=""
        routeId="lost"
        status=""
/>,
      "className": "report-form-container",
    },
    "ref": null,
    "rendered": Object {
      "instance": null,
      "key": undefined,
      "nodeType": "function",
      "props": Object {
        "date": "",
        "description": "",
        "handleGoBack": [Function],
        "handleOnChange": [Function],
        "handleOnSubmit": [Function],
        "location": Object {
          "name": "",
          "position": Object {
            "lat": null,
            "lng": null,
          },
        },
        "name": "",
        "reward": "",
        "routeId": "lost",
        "status": "",
      },
      "ref": null,
      "rendered": null,
      "type": [Function],
    },
    "type": "div",
  },
  Symbol(enzyme.__nodes__): Array [
    Object {
      "instance": null,
      "key": undefined,
      "nodeType": "host",
      "props": Object {
        "children": <ReportForm
          date=""
          description=""
          handleGoBack={[Function]}
          handleOnChange={[Function]}
          handleOnSubmit={[Function]}
          location={
                    Object {
                              "name": "",
                              "position": Object {
                                "lat": null,
                                "lng": null,
                              },
                            }
          }
          name=""
          reward=""
          routeId="lost"
          status=""
/>,
        "className": "report-form-container",
      },
      "ref": null,
      "rendered": Object {
        "instance": null,
        "key": undefined,
        "nodeType": "function",
        "props": Object {
          "date": "",
          "description": "",
          "handleGoBack": [Function],
          "handleOnChange": [Function],
          "handleOnSubmit": [Function],
          "location": Object {
            "name": "",
            "position": Object {
              "lat": null,
              "lng": null,
            },
          },
          "name": "",
          "reward": "",
          "routeId": "lost",
          "status": "",
        },
        "ref": null,
        "rendered": null,
        "type": [Function],
      },
      "type": "div",
    },
  ],
  Symbol(enzyme.__options__): Object {
    "adapter": ReactSixteenAdapter {
      "options": Object {
        "enableComponentDidUpdateOnSetState": true,
      },
    },
  },
}
`;
