// Jest Snapshot v1, https://goo.gl/fbAQLP

exports[`Item should match a snapshot 1`] = `
ShallowWrapper {
  "length": 1,
  Symbol(enzyme.__root__): [Circular],
  Symbol(enzyme.__unrendered__): <Unknown
    date="2018-04-04"
    description="car keys"
    handleOnClick={[Function]}
    itemId={1}
    name="keys"
    status="lost"
/>,
  Symbol(enzyme.__renderer__): Object {
    "batchedUpdates": [Function],
    "getNode": [Function],
    "render": [Function],
    "simulateEvent": [Function],
    "unmount": [Function],
  },
  Symbol(enzyme.__node__): Object {
    "instance": null,
    "key": undefined,
    "nodeType": "host",
    "props": Object {
      "children": Array [
        <h3
          name={1}
>
          lost
          : 
          keys
</h3>,
        <p
          name={1}
>
          car keys
</p>,
        <p
          name={1}
>
          2018-04-04
</p>,
      ],
      "className": "user-item",
      "name": 1,
      "onClick": [Function],
    },
    "ref": null,
    "rendered": Array [
      Object {
        "instance": null,
        "key": undefined,
        "nodeType": "host",
        "props": Object {
          "children": Array [
            "lost",
            ": ",
            "keys",
          ],
          "name": 1,
        },
        "ref": null,
        "rendered": Array [
          "lost",
          ": ",
          "keys",
        ],
        "type": "h3",
      },
      Object {
        "instance": null,
        "key": undefined,
        "nodeType": "host",
        "props": Object {
          "children": "car keys",
          "name": 1,
        },
        "ref": null,
        "rendered": "car keys",
        "type": "p",
      },
      Object {
        "instance": null,
        "key": undefined,
        "nodeType": "host",
        "props": Object {
          "children": "2018-04-04",
          "name": 1,
        },
        "ref": null,
        "rendered": "2018-04-04",
        "type": "p",
      },
    ],
    "type": "article",
  },
  Symbol(enzyme.__nodes__): Array [
    Object {
      "instance": null,
      "key": undefined,
      "nodeType": "host",
      "props": Object {
        "children": Array [
          <h3
            name={1}
>
            lost
            : 
            keys
</h3>,
          <p
            name={1}
>
            car keys
</p>,
          <p
            name={1}
>
            2018-04-04
</p>,
        ],
        "className": "user-item",
        "name": 1,
        "onClick": [Function],
      },
      "ref": null,
      "rendered": Array [
        Object {
          "instance": null,
          "key": undefined,
          "nodeType": "host",
          "props": Object {
            "children": Array [
              "lost",
              ": ",
              "keys",
            ],
            "name": 1,
          },
          "ref": null,
          "rendered": Array [
            "lost",
            ": ",
            "keys",
          ],
          "type": "h3",
        },
        Object {
          "instance": null,
          "key": undefined,
          "nodeType": "host",
          "props": Object {
            "children": "car keys",
            "name": 1,
          },
          "ref": null,
          "rendered": "car keys",
          "type": "p",
        },
        Object {
          "instance": null,
          "key": undefined,
          "nodeType": "host",
          "props": Object {
            "children": "2018-04-04",
            "name": 1,
          },
          "ref": null,
          "rendered": "2018-04-04",
          "type": "p",
        },
      ],
      "type": "article",
    },
  ],
  Symbol(enzyme.__options__): Object {
    "adapter": ReactSixteenAdapter {
      "options": Object {
        "enableComponentDidUpdateOnSetState": true,
      },
    },
  },
}
`;
