// Jest Snapshot v1, https://goo.gl/fbAQLP

exports[`FormsContainer should match a snapshot 1`] = `
ShallowWrapper {
  "length": 1,
  Symbol(enzyme.__root__): [Circular],
  Symbol(enzyme.__unrendered__): <FormsContainer
    captureUser={[Function]}
    loggedIn={false}
    match={
        Object {
            "params": Object {
              "id": "signup",
            },
          }
    }
    signInUser={[Function]}
    submitNewUser={[Function]}
    user={Object {}}
/>,
  Symbol(enzyme.__renderer__): Object {
    "batchedUpdates": [Function],
    "getNode": [Function],
    "render": [Function],
    "simulateEvent": [Function],
    "unmount": [Function],
  },
  Symbol(enzyme.__node__): Object {
    "instance": null,
    "key": undefined,
    "nodeType": "function",
    "props": Object {
      "email": "",
      "handleOnChange": [Function],
      "handleOnSubmit": [Function],
      "password": "",
      "routeId": "signup",
      "showPassword": false,
      "togglePasswordVisibility": [Function],
      "username": "",
    },
    "ref": null,
    "rendered": null,
    "type": [Function],
  },
  Symbol(enzyme.__nodes__): Array [
    Object {
      "instance": null,
      "key": undefined,
      "nodeType": "function",
      "props": Object {
        "email": "",
        "handleOnChange": [Function],
        "handleOnSubmit": [Function],
        "password": "",
        "routeId": "signup",
        "showPassword": false,
        "togglePasswordVisibility": [Function],
        "username": "",
      },
      "ref": null,
      "rendered": null,
      "type": [Function],
    },
  ],
  Symbol(enzyme.__options__): Object {
    "adapter": ReactSixteenAdapter {
      "options": Object {
        "enableComponentDidUpdateOnSetState": true,
      },
    },
  },
}
`;
